// Jest Snapshot v1, https://goo.gl/fbAQLP

exports[`Design System/Core/Pagination Default smoke-test 1`] = `
<nav aria-label="pagination"
     class="mx-auto flex w-full justify-center"
>
  <ul class="flex flex-row items-center gap-1">
    <li class>
      <a class="inline-flex items-center justify-center whitespace-nowrap rounded-md text-sm font-medium transition-colors focus-visible:outline-none focus-visible:ring-1 focus-visible:ring-ring disabled:pointer-events-none disabled:opacity-50 [&amp;_svg]:pointer-events-none [&amp;_svg]:size-4 [&amp;_svg]:shrink-0 hover:bg-accent hover:text-accent-foreground h-9 px-4 py-2 gap-1 pl-2.5"
         aria-label="Go to previous page"
         href="#"
      >
        <svg xmlns="http://www.w3.org/2000/svg"
             width="24"
             height="24"
             viewbox="0 0 24 24"
             fill="none"
             stroke="currentColor"
             stroke-width="2"
             stroke-linecap="round"
             stroke-linejoin="round"
             class="lucide lucide-chevron-left h-4 w-4"
        >
          <path d="m15 18-6-6 6-6">
          </path>
        </svg>
        <span>
          Previous
        </span>
      </a>
    </li>
    <li class>
      <a class="inline-flex items-center justify-center gap-2 whitespace-nowrap rounded-md text-sm font-medium transition-colors focus-visible:outline-none focus-visible:ring-1 focus-visible:ring-ring disabled:pointer-events-none disabled:opacity-50 [&amp;_svg]:pointer-events-none [&amp;_svg]:size-4 [&amp;_svg]:shrink-0 hover:bg-accent hover:text-accent-foreground h-9 w-9"
         href="#"
      >
        1
      </a>
    </li>
    <li class>
      <a class="inline-flex items-center justify-center gap-2 whitespace-nowrap rounded-md text-sm font-medium transition-colors focus-visible:outline-none focus-visible:ring-1 focus-visible:ring-ring disabled:pointer-events-none disabled:opacity-50 [&amp;_svg]:pointer-events-none [&amp;_svg]:size-4 [&amp;_svg]:shrink-0 hover:bg-accent hover:text-accent-foreground h-9 w-9"
         href="#"
      >
        2
      </a>
    </li>
    <li class>
      <a class="inline-flex items-center justify-center gap-2 whitespace-nowrap rounded-md text-sm font-medium transition-colors focus-visible:outline-none focus-visible:ring-1 focus-visible:ring-ring disabled:pointer-events-none disabled:opacity-50 [&amp;_svg]:pointer-events-none [&amp;_svg]:size-4 [&amp;_svg]:shrink-0 hover:bg-accent hover:text-accent-foreground h-9 w-9"
         href="#"
      >
        3
      </a>
    </li>
    <li class>
      <span aria-hidden="true"
            class="flex h-9 w-9 items-center justify-center"
      >
        <svg xmlns="http://www.w3.org/2000/svg"
             width="24"
             height="24"
             viewbox="0 0 24 24"
             fill="none"
             stroke="currentColor"
             stroke-width="2"
             stroke-linecap="round"
             stroke-linejoin="round"
             class="lucide lucide-ellipsis h-4 w-4"
        >
          <circle cx="12"
                  cy="12"
                  r="1"
          >
          </circle>
          <circle cx="19"
                  cy="12"
                  r="1"
          >
          </circle>
          <circle cx="5"
                  cy="12"
                  r="1"
          >
          </circle>
        </svg>
        <span class="sr-only">
          More pages
        </span>
      </span>
    </li>
    <li class>
      <a class="inline-flex items-center justify-center whitespace-nowrap rounded-md text-sm font-medium transition-colors focus-visible:outline-none focus-visible:ring-1 focus-visible:ring-ring disabled:pointer-events-none disabled:opacity-50 [&amp;_svg]:pointer-events-none [&amp;_svg]:size-4 [&amp;_svg]:shrink-0 hover:bg-accent hover:text-accent-foreground h-9 px-4 py-2 gap-1 pr-2.5"
         aria-label="Go to next page"
         href="#"
      >
        <span>
          Next
        </span>
        <svg xmlns="http://www.w3.org/2000/svg"
             width="24"
             height="24"
             viewbox="0 0 24 24"
             fill="none"
             stroke="currentColor"
             stroke-width="2"
             stroke-linecap="round"
             stroke-linejoin="round"
             class="lucide lucide-chevron-right h-4 w-4"
        >
          <path d="m9 18 6-6-6-6">
          </path>
        </svg>
      </a>
    </li>
  </ul>
</nav>
`;
