// Jest Snapshot v1, https://goo.gl/fbAQLP

exports[`Design System/Core/ResizablePanelGroup Default smoke-test 1`] = `
<div class="flex h-full w-full data-[panel-group-direction=vertical]:flex-col max-w-96 rounded-lg border"
     data-panel-group
     data-panel-group-direction="horizontal"
     data-panel-group-id=":r0:"
     style="display: flex; flex-direction: row; height: 100%; overflow: hidden; width: 100%;"
>
  <div class
       data-panel
       data-panel-group-id=":r0:"
       data-panel-id=":r1:"
       data-panel-size="50.0"
       style="flex: 50 1 0px; overflow: hidden;"
  >
    <div class="flex h-[200px] items-center justify-center p-6">
      <span class="font-semibold">
        One
      </span>
    </div>
  </div>
  <div class="after:-translate-x-1/2 data-[panel-group-direction=vertical]:after:-translate-y-1/2 relative flex w-px items-center justify-center bg-border after:absolute after:inset-y-0 after:left-1/2 after:w-1 focus-visible:outline-none focus-visible:ring-1 focus-visible:ring-ring focus-visible:ring-offset-1 data-[panel-group-direction=vertical]:h-px data-[panel-group-direction=vertical]:w-full data-[panel-group-direction=vertical]:after:left-0 data-[panel-group-direction=vertical]:after:h-1 data-[panel-group-direction=vertical]:after:w-full data-[panel-group-direction=vertical]:after:translate-x-0 [&amp;[data-panel-group-direction=vertical]>div]:rotate-90"
       role="separator"
       tabindex="0"
       data-panel-group-direction="horizontal"
       data-panel-group-id=":r0:"
       data-resize-handle
       data-resize-handle-state="inactive"
       data-panel-resize-handle-enabled="true"
       data-panel-resize-handle-id=":r2:"
       aria-controls=":r1:"
       aria-valuemax="100"
       aria-valuemin="0"
       aria-valuenow="50"
       style="touch-action: none; user-select: none;"
  >
  </div>
  <div class
       data-panel
       data-panel-group-id=":r0:"
       data-panel-id=":r3:"
       data-panel-size="50.0"
       style="flex: 50 1 0px; overflow: hidden;"
  >
    <div class="flex h-full w-full data-[panel-group-direction=vertical]:flex-col"
         data-panel-group
         data-panel-group-direction="vertical"
         data-panel-group-id=":r4:"
         style="display: flex; flex-direction: column; height: 100%; overflow: hidden; width: 100%;"
    >
      <div class
           data-panel
           data-panel-group-id=":r4:"
           data-panel-id=":r5:"
           data-panel-size="25.0"
           style="flex: 25 1 0px; overflow: hidden;"
      >
        <div class="flex h-full items-center justify-center p-6">
          <span class="font-semibold">
            Two
          </span>
        </div>
      </div>
      <div class="after:-translate-x-1/2 data-[panel-group-direction=vertical]:after:-translate-y-1/2 relative flex w-px items-center justify-center bg-border after:absolute after:inset-y-0 after:left-1/2 after:w-1 focus-visible:outline-none focus-visible:ring-1 focus-visible:ring-ring focus-visible:ring-offset-1 data-[panel-group-direction=vertical]:h-px data-[panel-group-direction=vertical]:w-full data-[panel-group-direction=vertical]:after:left-0 data-[panel-group-direction=vertical]:after:h-1 data-[panel-group-direction=vertical]:after:w-full data-[panel-group-direction=vertical]:after:translate-x-0 [&amp;[data-panel-group-direction=vertical]>div]:rotate-90"
           role="separator"
           tabindex="0"
           data-panel-group-direction="vertical"
           data-panel-group-id=":r4:"
           data-resize-handle
           data-resize-handle-state="inactive"
           data-panel-resize-handle-enabled="true"
           data-panel-resize-handle-id=":r6:"
           aria-controls=":r5:"
           aria-valuemax="100"
           aria-valuemin="0"
           aria-valuenow="25"
           style="touch-action: none; user-select: none;"
      >
      </div>
      <div class
           data-panel
           data-panel-group-id=":r4:"
           data-panel-id=":r7:"
           data-panel-size="75.0"
           style="flex: 75 1 0px; overflow: hidden;"
      >
        <div class="flex h-full items-center justify-center p-6">
          <span class="font-semibold">
            Three
          </span>
        </div>
      </div>
    </div>
  </div>
</div>
`;
