// Jest Snapshot v1, https://goo.gl/fbAQLP

exports[`Design System/Core/Accordion Default smoke-test 1`] = `
<div class="w-full"
     data-orientation="vertical"
>
  <div data-state="closed"
       data-orientation="vertical"
       class="border-b"
  >
    <h3 data-orientation="vertical"
        data-state="closed"
        class="flex"
    >
      <button type="button"
              aria-controls="radix-:r1:"
              aria-expanded="false"
              data-state="closed"
              data-orientation="vertical"
              id="radix-:r0:"
              class="flex flex-1 items-center justify-between py-4 font-medium transition-all hover:underline [&amp;[data-state=open]>svg]:rotate-180"
              data-radix-collection-item
      >
        Is it accessible?
        <svg xmlns="http://www.w3.org/2000/svg"
             width="24"
             height="24"
             viewbox="0 0 24 24"
             fill="none"
             stroke="currentColor"
             stroke-width="2"
             stroke-linecap="round"
             stroke-linejoin="round"
             class="lucide lucide-chevron-down h-4 w-4 shrink-0 transition-transform duration-200"
        >
          <path d="m6 9 6 6 6-6">
          </path>
        </svg>
      </button>
    </h3>
    <div data-state="closed"
         id="radix-:r1:"
         hidden
         role="region"
         aria-labelledby="radix-:r0:"
         data-orientation="vertical"
         class="overflow-hidden text-sm transition-all data-[state=closed]:animate-accordion-up data-[state=open]:animate-accordion-down"
         style="--radix-accordion-content-height: var(--radix-collapsible-content-height); --radix-accordion-content-width: var(--radix-collapsible-content-width);"
    >
    </div>
  </div>
  <div data-state="closed"
       data-orientation="vertical"
       class="border-b"
  >
    <h3 data-orientation="vertical"
        data-state="closed"
        class="flex"
    >
      <button type="button"
              aria-controls="radix-:r3:"
              aria-expanded="false"
              data-state="closed"
              data-orientation="vertical"
              id="radix-:r2:"
              class="flex flex-1 items-center justify-between py-4 font-medium transition-all hover:underline [&amp;[data-state=open]>svg]:rotate-180"
              data-radix-collection-item
      >
        Is it styled?
        <svg xmlns="http://www.w3.org/2000/svg"
             width="24"
             height="24"
             viewbox="0 0 24 24"
             fill="none"
             stroke="currentColor"
             stroke-width="2"
             stroke-linecap="round"
             stroke-linejoin="round"
             class="lucide lucide-chevron-down h-4 w-4 shrink-0 transition-transform duration-200"
        >
          <path d="m6 9 6 6 6-6">
          </path>
        </svg>
      </button>
    </h3>
    <div data-state="closed"
         id="radix-:r3:"
         hidden
         role="region"
         aria-labelledby="radix-:r2:"
         data-orientation="vertical"
         class="overflow-hidden text-sm transition-all data-[state=closed]:animate-accordion-up data-[state=open]:animate-accordion-down"
         style="--radix-accordion-content-height: var(--radix-collapsible-content-height); --radix-accordion-content-width: var(--radix-collapsible-content-width);"
    >
    </div>
  </div>
  <div data-state="closed"
       data-orientation="vertical"
       class="border-b"
  >
    <h3 data-orientation="vertical"
        data-state="closed"
        class="flex"
    >
      <button type="button"
              aria-controls="radix-:r5:"
              aria-expanded="false"
              data-state="closed"
              data-orientation="vertical"
              id="radix-:r4:"
              class="flex flex-1 items-center justify-between py-4 font-medium transition-all hover:underline [&amp;[data-state=open]>svg]:rotate-180"
              data-radix-collection-item
      >
        Is it animated?
        <svg xmlns="http://www.w3.org/2000/svg"
             width="24"
             height="24"
             viewbox="0 0 24 24"
             fill="none"
             stroke="currentColor"
             stroke-width="2"
             stroke-linecap="round"
             stroke-linejoin="round"
             class="lucide lucide-chevron-down h-4 w-4 shrink-0 transition-transform duration-200"
        >
          <path d="m6 9 6 6 6-6">
          </path>
        </svg>
      </button>
    </h3>
    <div data-state="closed"
         id="radix-:r5:"
         hidden
         role="region"
         aria-labelledby="radix-:r4:"
         data-orientation="vertical"
         class="overflow-hidden text-sm transition-all data-[state=closed]:animate-accordion-up data-[state=open]:animate-accordion-down"
         style="--radix-accordion-content-height: var(--radix-collapsible-content-height); --radix-accordion-content-width: var(--radix-collapsible-content-width);"
    >
    </div>
  </div>
</div>
`;

exports[`Design System/Core/Accordion Multiple smoke-test 1`] = `
<div class="w-full"
     data-orientation="vertical"
>
  <div data-state="closed"
       data-orientation="vertical"
       class="border-b"
  >
    <h3 data-orientation="vertical"
        data-state="closed"
        class="flex"
    >
      <button type="button"
              aria-controls="radix-:r7:"
              aria-expanded="false"
              data-state="closed"
              data-orientation="vertical"
              id="radix-:r6:"
              class="flex flex-1 items-center justify-between py-4 font-medium transition-all hover:underline [&amp;[data-state=open]>svg]:rotate-180"
              data-radix-collection-item
      >
        Is it accessible?
        <svg xmlns="http://www.w3.org/2000/svg"
             width="24"
             height="24"
             viewbox="0 0 24 24"
             fill="none"
             stroke="currentColor"
             stroke-width="2"
             stroke-linecap="round"
             stroke-linejoin="round"
             class="lucide lucide-chevron-down h-4 w-4 shrink-0 transition-transform duration-200"
        >
          <path d="m6 9 6 6 6-6">
          </path>
        </svg>
      </button>
    </h3>
    <div data-state="closed"
         id="radix-:r7:"
         hidden
         role="region"
         aria-labelledby="radix-:r6:"
         data-orientation="vertical"
         class="overflow-hidden text-sm transition-all data-[state=closed]:animate-accordion-up data-[state=open]:animate-accordion-down"
         style="--radix-accordion-content-height: var(--radix-collapsible-content-height); --radix-accordion-content-width: var(--radix-collapsible-content-width);"
    >
    </div>
  </div>
  <div data-state="closed"
       data-orientation="vertical"
       class="border-b"
  >
    <h3 data-orientation="vertical"
        data-state="closed"
        class="flex"
    >
      <button type="button"
              aria-controls="radix-:r9:"
              aria-expanded="false"
              data-state="closed"
              data-orientation="vertical"
              id="radix-:r8:"
              class="flex flex-1 items-center justify-between py-4 font-medium transition-all hover:underline [&amp;[data-state=open]>svg]:rotate-180"
              data-radix-collection-item
      >
        Is it styled?
        <svg xmlns="http://www.w3.org/2000/svg"
             width="24"
             height="24"
             viewbox="0 0 24 24"
             fill="none"
             stroke="currentColor"
             stroke-width="2"
             stroke-linecap="round"
             stroke-linejoin="round"
             class="lucide lucide-chevron-down h-4 w-4 shrink-0 transition-transform duration-200"
        >
          <path d="m6 9 6 6 6-6">
          </path>
        </svg>
      </button>
    </h3>
    <div data-state="closed"
         id="radix-:r9:"
         hidden
         role="region"
         aria-labelledby="radix-:r8:"
         data-orientation="vertical"
         class="overflow-hidden text-sm transition-all data-[state=closed]:animate-accordion-up data-[state=open]:animate-accordion-down"
         style="--radix-accordion-content-height: var(--radix-collapsible-content-height); --radix-accordion-content-width: var(--radix-collapsible-content-width);"
    >
    </div>
  </div>
  <div data-state="closed"
       data-orientation="vertical"
       class="border-b"
  >
    <h3 data-orientation="vertical"
        data-state="closed"
        class="flex"
    >
      <button type="button"
              aria-controls="radix-:rb:"
              aria-expanded="false"
              data-state="closed"
              data-orientation="vertical"
              id="radix-:ra:"
              class="flex flex-1 items-center justify-between py-4 font-medium transition-all hover:underline [&amp;[data-state=open]>svg]:rotate-180"
              data-radix-collection-item
      >
        Is it animated?
        <svg xmlns="http://www.w3.org/2000/svg"
             width="24"
             height="24"
             viewbox="0 0 24 24"
             fill="none"
             stroke="currentColor"
             stroke-width="2"
             stroke-linecap="round"
             stroke-linejoin="round"
             class="lucide lucide-chevron-down h-4 w-4 shrink-0 transition-transform duration-200"
        >
          <path d="m6 9 6 6 6-6">
          </path>
        </svg>
      </button>
    </h3>
    <div data-state="closed"
         id="radix-:rb:"
         hidden
         role="region"
         aria-labelledby="radix-:ra:"
         data-orientation="vertical"
         class="overflow-hidden text-sm transition-all data-[state=closed]:animate-accordion-up data-[state=open]:animate-accordion-down"
         style="--radix-accordion-content-height: var(--radix-collapsible-content-height); --radix-accordion-content-width: var(--radix-collapsible-content-width);"
    >
    </div>
  </div>
</div>
`;
