// Jest Snapshot v1, https://goo.gl/fbAQLP

exports[`Design System/Core/HoverCard Default smoke-test 1`] = `
<a data-state="closed">
  Hover
</a>
`;

exports[`Design System/Core/HoverCard Instant smoke-test 1`] = `
<a data-state="closed">
  Hover
</a>
`;
